Date: Thu, 17 Jun 2021 19:30:18 GMT; status: 500; error: Postgres package has not been found installed. Try to install it: npm install pg --save; error-type: unhandledRejection
